[
    {
        "author": null,
        "buysell": "sell",
        "condition": "No markings or highlights at all",
        "course_name": null,
        "course_number": "BICD 136",
        "edition": null,
        "isbn": null,
        "price": 80.0,
        "professor": null,
        "title": "HIV/AIDS Pandemic: Origins, Science, and Global Impact"
    }
]