[
    {
        "author": "Robert L. Heilbroner",
        "buysell": "sell",
        "condition": null,
        "course_name": null,
        "course_number": null,
        "edition": null,
        "isbn": null,
        "price": null,
        "professor": null,
        "title": "The Worldly Philosophers"
    }
]