[
    {
        "author": null,
        "buysell": "sell",
        "course_name": null,
        "course_number": null,
        "isbn": "9781133110279",
        "price": null,
        "title": "Principles Of Physics Vol 1, 5 Edition"
    },
    {
        "author": null,
        "buysell": "sell",
        "course_name": null,
        "course_number": null,
        "isbn": null,
        "price": null,
        "title": "The Norton Anthology of Drama Volume 1"
    }
]